Limit  (cost=478936610.04..478936610.05 rows=1 width=1887) (actual time=1654.374..1654.382 rows=35 loops=1)
  Buffers: shared hit=3853170 read=11378, temp read=8413 written=790
  CTE candidate_vectors
    ->  Limit  (cost=3082.92..478931854.03 rows=160 width=79) (actual time=74.076..1367.160 rows=40 loops=1)
          Buffers: shared hit=3851375 read=11040, temp read=8413 written=790
          ->  Nested Loop Semi Join  (cost=3082.92..317065816082.24 rows=105925 width=79) (actual time=74.071..1367.139 rows=40 loops=1)
                Join Filter: (((e.source_kind = 'raw'::text) AND (admitted.raw_hash = e.source_hash)) OR ((e.source_kind = 'smart'::text) AND (SubPlan 1)))
                Rows Removed by Join Filter: 1133036
                Buffers: shared hit=3851375 read=11040, temp read=8413 written=790
                ->  Index Scan using embeddings_1024_vector_idx on embeddings_1024 e  (cost=3082.92..1371621.57 rows=249407 width=89) (actual time=12.131..12.464 rows=40 loops=1)
                      Order By: (vector <=> '[0.014556885,0.020751953,0.066833496,-0.042785645,0.009971619,-0.012374878,-0.0023345947,0.0035552979,-0.0019388199,0.06188965,0.059661865,0.02330017,0.0062789917,0.012626648,0.007572174,0.07513428,-0.025619507,0.0010385513,-0.052886963,0.0061683655,0.06549072,-0.05026245,0.05770874,0.0021018982,-0.036743164,-0.04788208,-0.05404663,0.010688782,0.013969421,-0.010246277,0.0015153885,-0.039611816,0.03366089,0.055511475,0.0037288666,0.029006958,0.013877869,-0.03479004,0.029968262,-0.02986145,-0.0423584,-0.03857422,-0.016403198,-0.035125732,0.009490967,-0.012786865,-0.0050697327,0.009086609,-0.026931763,0.017120361,-0.0546875,0.024017334,0.054748535,0.055908203,0.0046844482,0.015602112,-0.041931152,-0.012214661,0.004142761,0.020355225,0.044799805,-0.04107666,0.00037789345,0.00012457371,-0.03677368,0.011550903,-0.013435364,-0.020019531,0.066589355,-0.025299072,0.03793335,0.055358887,-0.0015697479,-0.025970459,-0.0035133362,-0.014930725,0.0814209,0.015289307,0.029678345,-0.009490967,-0.0132751465,0.0017528534,-0.015556335,-0.080444336,0.0011711121,-0.010406494,-0.032318115,-0.0062179565,-0.049346924,-0.0040740967,-0.00655365,0.05697632,0.006324768,-0.0030536652,0.015380859,-0.029464722,-0.041015625,-0.04324341,-0.03414917,0.0524292,0.07647705,-0.02243042,-0.03010559,0.015312195,0.029846191,0.03314209,0.062286377,-0.030792236,-0.0013418198,-0.026565552,-0.039794922,-0.033691406,-0.029205322,-0.011451721,0.0029525757,-0.013587952,0.05557251,-0.05496216,0.020553589,-0.015777588,-0.006919861,0.008216858,-0.013931274,-0.081848145,0.056854248,0.0104904175,-0.012565613,-0.027130127,-0.061462402,-0.009979248,-0.028778076,0.034942627,0.099731445,0.016174316,-0.04373169,0.039764404,-0.0657959,-0.010665894,-0.025421143,0.020248413,-0.041046143,-0.027801514,0.0134887695,0.02041626,0.020462036,-0.051696777,0.0074882507,0.026916504,-0.005504608,0.042419434,0.00919342,0.034118652,-0.039642334,0.051574707,0.0077781677,-0.05316162,-0.014755249,0.018218994,-0.006175995,-0.032287598,-0.005138397,0.030899048,-0.012313843,-0.0053482056,0.019470215,-0.023162842,0.04421997,0.01461792,-0.068359375,0.002840042,0.03353882,-0.019012451,-0.009750366,-0.0680542,0.03842163,-0.012481689,-0.001912117,-0.00073575974,-0.055664062,-0.02394104,-0.011924744,-0.0077819824,-0.04272461,0.019180298,-0.0914917,-0.070129395,0.017593384,0.018249512,0.021560669,-0.007369995,0.003572464,0.016860962,0.034729004,0.047332764,0.023284912,-0.10449219,0.03945923,-0.016448975,-0.010894775,0.0006670952,-0.027328491,0.013465881,0.06915283,-0.042907715,-0.004257202,0.0034217834,0.01008606,-0.05618286,-0.066345215,-0.042663574,0.010177612,0.021942139,-0.013824463,0.07745361,0.0021686554,-0.003704071,0.042419434,-0.024017334,0.013381958,0.0056762695,-0.010978699,0.034973145,0.09448242,0.010475159,0.013916016,0.08557129,0.059051514,0.0017004013,0.025375366,-0.04977417,-0.022705078,-0.0004658699,-0.08135986,0.015266418,0.003578186,-0.012016296,4.1127205e-05,-0.004245758,0.0033569336,-0.005645752,0.0032157898,-0.014915466,0.038970947,-0.05178833,0.018997192,0.032348633,-0.027694702,0.011375427,0.0038318634,0.027374268,0.052337646,-0.0064582825,0.0045928955,-0.02861023,-0.03213501,-0.07635498,0.016326904,-0.008880615,0.0016670227,0.048095703,-0.04586792,0.026809692,-0.04953003,-0.03213501,-0.04611206,0.030792236,0.094055176,0.033721924,-0.02192688,-0.01902771,0.01701355,0.09655762,0.06335449,-0.02671814,0.011421204,-0.052581787,-0.011856079,0.045684814,-0.0262146,0.04525757,-0.0050582886,-0.020904541,0.004814148,0.033050537,0.04296875,0.058929443,0.0041122437,-0.041046143,0.044189453,-0.012077332,-0.011520386,-0.0021438599,0.04071045,0.0074691772,0.0040397644,0.020950317,0.049072266,0.008575439,0.002527237,0.025802612,0.025238037,0.01071167,0.0019454956,-0.022109985,0.031982422,0.028915405,-0.007637024,-0.02142334,-0.033935547,0.0065460205,0.022247314,0.033416748,-0.059936523,-0.023330688,-0.035095215,-0.03048706,-0.059783936,0.03970337,0.046295166,-0.014541626,0.00040626526,-0.032989502,0.03024292,0.05709839,-0.036895752,0.068603516,-0.013954163,0.02746582,0.0368042,0.012557983,-0.024963379,-0.016296387,0.026031494,0.0023670197,0.012451172,0.008964539,-0.0014867783,0.04067993,-0.0073394775,0.042755127,-0.025405884,-0.025024414,-0.03781128,-0.014755249,0.04824829,0.008628845,-0.02947998,-0.012382507,0.052978516,0.005962372,-0.00057792664,-0.021591187,0.013153076,0.057678223,-0.023040771,-0.012084961,0.011756897,-0.007293701,-0.00016450882,0.026000977,0.018722534,0.040618896,0.012786865,0.022216797,-0.010414124,0.08239746,-0.06555176,0.01486969,-0.023376465,0.0012693405,0.05606079,0.027938843,0.04296875,0.0005507469,-0.07525635,0.02973938,0.01777649,-0.0057029724,0.012191772,-0.014587402,0.02178955,0.010643005,0.025863647,0.06756592,0.031707764,0.06304932,-0.029876709,-0.03161621,-0.00705719,0.019195557,0.026763916,-0.036712646,-0.026504517,0.00078868866,0.03665161,0.031555176,0.008293152,0.05267334,0.049987793,0.00030517578,0.033355713,-0.019515991,-0.02861023,0.029830933,-0.0039100647,0.0574646,-0.011054993,-0.0058135986,0.019851685,-0.0015296936,-0.0029640198,0.09210205,0.0357666,-0.04824829,0.035003662,-0.00712204,0.040618896,0.040771484,-0.010314941,0.04333496,-0.049316406,0.013191223,-0.030029297,-0.03692627,-0.013496399,0.028640747,0.0871582,0.0066871643,0.019485474,-0.023727417,-0.04296875,0.0057640076,0.027450562,-0.019195557,0.048339844,-0.033691406,-0.041656494,0.011711121,-0.052001953,0.0149383545,-0.007904053,-0.025558472,-0.023330688,0.010154724,-0.06225586,-0.031829834,-0.071777344,-0.056030273,0.023544312,0.017959595,-0.052001953,-0.04611206,-0.037994385,-0.066711426,-0.0725708,-0.002325058,0.03805542,-0.032470703,0.06945801,0.021194458,-0.045166016,0.052947998,-0.020950317,0.0053863525,0.03744507,0.038726807,0.035888672,0.011894226,0.053863525,0.01499176,0.033325195,-0.014678955,-0.008796692,0.0018854141,-0.020004272,-0.04800415,-0.017456055,0.033599854,0.01687622,-0.10272217,-0.048187256,-0.028640747,0.0154418945,0.06781006,0.030395508,0.08538818,-0.05267334,0.004085541,-0.038116455,0.05508423,-0.027648926,-0.004928589,-0.03338623,-0.018081665,-0.018981934,0.0018110275,0.018371582,-0.015327454,-0.014404297,-0.026779175,0.00041747093,-0.025848389,0.029556274,0.02684021,0.02734375,0.00088500977,0.064208984,0.008338928,0.023117065,0.001739502,0.011383057,-0.0104522705,0.0029640198,-0.020751953,-0.022232056,-0.008216858,0.0044937134,0.038482666,0.01727295,0.0053710938,0.012313843,0.0010328293,0.0022945404,0.020126343,-0.048217773,-0.03933716,0.009902954,-0.07165527,-0.02607727,0.011177063,-0.0025177002,-0.019256592,0.025817871,-0.0357666,-0.056518555,-0.004924774,-0.0031661987,-0.0151901245,-0.012275696,0.013839722,0.02508545,0.01423645,0.004486084,-0.011726379,0.03945923,0.028961182,0.022644043,0.021911621,-0.0044555664,0.013038635,0.011703491,-0.019836426,-0.023880005,0.054656982,-0.000705719,0.03692627,-0.0029697418,-0.026245117,-0.021606445,0.03942871,0.033416748,0.010902405,0.04736328,-0.043426514,-0.018676758,0.0088272095,0.038757324,0.0015659332,0.038360596,0.016677856,0.0021400452,-0.012832642,-0.064697266,-0.017669678,0.039733887,-0.01689148,-0.0036506653,-0.027038574,0.0033397675,-0.025634766,0.0033626556,-0.04751587,0.017166138,0.066223145,-0.074645996,0.024215698,0.05630493,-0.011108398,-0.03062439,0.022872925,0.015449524,-0.0036621094,0.039489746,0.01474762,0.023895264,0.02658081,0.012062073,-0.01739502,-0.04486084,0.0012960434,-0.025360107,0.015975952,0.026779175,-0.010948181,0.010429382,0.025756836,0.018478394,-0.0053215027,-0.011787415,-0.016418457,-0.03692627,-0.009933472,0.008255005,-0.03125,-0.020950317,0.02809143,0.020233154,0.012527466,0.013206482,-0.03765869,-0.02217102,-0.0051460266,-0.030227661,-0.012809753,0.037017822,-0.0071868896,0.007156372,-0.029510498,-0.033691406,-0.013389587,-0.03173828,0.0067100525,0.036956787,-0.015182495,-0.018127441,-0.01625061,0.012954712,0.03479004,-0.012924194,-0.049926758,0.052947998,-0.0011024475,-0.008102417,-0.008995056,0.016647339,-0.015365601,0.0074501038,0.015914917,-0.026123047,-0.025314331,-0.016357422,-0.049041748,0.01701355,0.029907227,-0.005153656,-0.020874023,-0.04119873,-0.042236328,-0.04425049,0.029083252,-0.0031318665,0.010948181,0.003047943,0.007896423,-0.046051025,0.01676941,-0.02545166,0.016937256,-0.0017671585,0.024978638,-0.06365967,0.007144928,0.020843506,0.0020618439,0.037994385,0.0061569214,-0.022033691,-0.01902771,-0.012870789,0.021408081,-0.022659302,0.0692749,-0.0647583,-0.02104187,-0.01902771,-0.027328491,0.040222168,-0.005970001,0.020843506,0.006717682,0.028427124,-0.018249512,-0.0088272095,-0.011474609,0.0019207001,-0.030731201,0.008087158,0.00843811,0.031555176,-0.0035324097,-0.012802124,-0.013618469,0.047729492,-0.021377563,-0.02986145,-0.026489258,0.0044822693,-0.007865906,0.024780273,-0.024795532,-0.035095215,0.032684326,-0.024505615,-0.046142578,-0.0115737915,-0.042022705,0.00016152859,-0.033721924,0.037384033,-0.041656494,-0.008766174,-0.015205383,-0.020050049,-0.040222168,-0.00086069107,0.0014877319,0.002773285,0.022018433,-0.029418945,-0.019729614,-0.019744873,-0.004261017,-0.006855011,0.0056114197,0.010559082,0.026611328,-0.014884949,0.032348633,-0.048553467,0.005214691,-0.024124146,-0.0067863464,0.0011167526,-0.012039185,-0.009994507,-0.03466797,-0.013313293,0.03086853,-0.016571045,0.005302429,0.0029029846,0.012893677,-0.037902832,0.011627197,-0.008712769,-0.035736084,-0.00982666,0.028289795,0.01574707,0.044036865,-0.0045661926,0.024124146,0.005466461,0.05029297,0.009986877,0.019744873,0.021408081,-0.009147644,0.03253174,0.011985779,0.024398804,0.040618896,-0.0060272217,0.026275635,0.00032782555,0.036743164,-0.0070228577,-0.046661377,0.00014996529,0.0016117096,-0.0032787323,0.021942139,-0.01222229,-0.00774765,-0.05380249,0.0021400452,-0.0071029663,0.038208008,-0.028076172,-0.026763916,-0.029525757,-0.020370483,0.0075912476,0.0158844,0.0055122375,-0.016799927,-0.018737793,-0.11444092,0.01940918,-0.0002411604,-0.023376465,-0.043304443,0.012268066,0.025634766,0.06573486,-0.027511597,0.0019521713,0.06518555,0.058013916,-0.042510986,-0.011528015,0.020874023,-0.012901306,0.024490356,-0.047821045,0.03930664,0.027740479,-0.0057868958,-0.022583008,-0.059448242,-0.01210022,-0.024002075,-0.0022354126,-0.014526367,-0.014144897,-0.017105103,-0.010368347,0.017913818,-0.022232056,0.01902771,-0.044677734,0.00038528442,-0.0637207,-0.022384644,-0.0018100739,0.039123535,0.01838684,-0.010978699,-0.01965332,-0.02268982,0.016464233,-0.023254395,-0.01133728,0.0028915405,-0.01184082,0.017547607,-0.013328552,-0.007850647,0.016937256,-0.0034866333,-0.009773254,0.0045776367,0.00894165,-0.012550354,-0.004486084,0.025543213,0.033416748,-0.013061523,-0.00018465519,0.0048599243,-0.0061683655,0.016571045,-0.007209778,-0.012161255,0.016296387,-0.02104187,-0.017562866,0.0060272217,0.008453369,0.044067383,-0.049346924,-0.016403198,0.0056533813,0.025894165,-0.028823853,-0.020324707,0.0021095276,0.04144287,-0.0090789795,0.040222168,0.018920898,-0.014953613,0.0071487427,-0.0015268326,-0.011276245,0.040161133,-0.017578125,0.018661499,-0.0011672974,-0.017990112,0.02281189,0.013870239,-0.0019569397,-0.008850098,-0.024414062,-0.010787964,0.005065918,0.03414917,-0.034210205,0.020584106,-0.041778564,-0.017623901,0.047943115,0.00028061867,-0.039733887,-0.035949707,0.03213501,0.004470825,0.0012350082,0.015792847,0.014160156,0.0067710876,0.028335571,-0.0020503998,-0.04196167,0.012390137,-0.0023822784,0.018997192,-0.016357422,-0.04547119,0.014343262,-0.0031433105,0.02142334,-0.026000977,0.020736694,-0.048034668,-0.03326416,0.032073975,0.010124207,-0.029769897,-0.018722534,0.026870728,-0.027114868,0.07373047,-0.023803711,-0.0032234192,0.004875183,-0.018066406,-0.01826477,0.033843994,0.0013484955,0.03616333,-0.02104187,-0.03439331,-0.017181396,-0.01524353,0.02168274,0.013153076,-0.000852108,0.02947998,0.041412354,-0.047332764,0.021514893,-0.034973145,-0.013687134,0.0033931732,0.013793945,0.010009766,0.012313843,-0.017593384,0.018600464,-0.010093689,0.02734375,0.027236938,-0.011405945,-0.01108551,0.008506775,0.037872314,-0.05166626,0.012252808,0.010650635,-0.015960693,0.043548584,-0.010986328,-0.023010254,0.029846191,-0.01828003,0.0042266846,0.02571106,0.012718201,0.01737976,0.07940674,0.0057296753,-0.032592773,0.008621216,0.007019043,-0.030380249,-0.003780365,0.013000488,0.024887085,0.017700195,-0.008781433,-0.037017822,0.012512207,-0.006134033,-0.023483276,-0.0058021545,0.0014886856,0.024719238,0.011795044,-0.008972168,-0.00046920776,0.0064468384,-0.010871887,-0.015686035,-0.016983032,0.03366089,0.050109863,0.022567749,0.01876831,0.015510559,0.004245758,-0.018920898,0.0061950684,-0.01084137,0.0012159348,-0.0059318542,0.021453857,0.012046814,-0.010818481,0.021621704,0.01914978,0.03768921,-0.04220581]'::vector)
                      Filter: ((model_key = 'text-embedding-3-small-no-rate@1024'::text) AND ((source_kind = 'raw'::text) OR (source_kind = 'smart'::text)))
                      Buffers: shared hit=119 read=959
                ->  Materialize  (cost=0.00..37852.75 rows=260917 width=65) (actual time=0.003..2.906 rows=28327 loops=40)
                      Buffers: shared read=9974, temp read=8413 written=790
                      ->  Seq Scan on elements admitted  (cost=0.00..33490.17 rows=260917 width=65) (actual time=0.030..60.129 rows=86191 loops=1)
                            Buffers: shared read=9974
                SubPlan 1
                  ->  Index Scan using smart_content_text_hash_idx on smart_content candidate  (cost=0.42..8.44 rows=1 width=0) (actual time=0.001..0.001 rows=0 loops=962792)
                        Index Cond: (text_hash = e.source_hash)
                        Filter: (raw_hash = admitted.raw_hash)
                        Rows Removed by Filter: 1
                        Buffers: shared hit=3851137 read=31
  ->  Sort  (cost=4756.02..4756.02 rows=1 width=1887) (actual time=1374.383..1374.388 rows=35 loops=1)
        Sort Key: c.distance, el.id
        Sort Method: quicksort  Memory: 112kB
        Buffers: shared hit=3853170 read=11378, temp read=8413 written=790
        ->  Nested Loop Left Join  (cost=4750.95..4756.01 rows=1 width=1887) (actual time=1370.298..1374.328 rows=35 loops=1)
              Buffers: shared hit=3853167 read=11378, temp read=8413 written=790
              ->  Nested Loop Left Join  (cost=4737.09..4742.13 rows=1 width=1923) (actual time=1370.260..1373.807 rows=35 loops=1)
                    Buffers: shared hit=3853090 read=11349, temp read=8413 written=790
                    ->  Nested Loop  (cost=4719.73..4720.56 rows=1 width=1764) (actual time=1370.141..1370.246 rows=35 loops=1)
                          Buffers: shared hit=3851708 read=11130, temp read=8413 written=790
                          ->  Unique  (cost=4716.13..4716.93 rows=1 width=1790) (actual time=1370.110..1370.126 rows=35 loops=1)
                                Buffers: shared hit=3851708 read=11130, temp read=8413 written=790
                                ->  Sort  (cost=4716.13..4716.53 rows=160 width=1790) (actual time=1370.109..1370.115 rows=40 loops=1)
                                      Sort Key: el.id, c.distance, c.source_kind, c.source_hash, c.chunk_no
                                      Sort Method: quicksort  Memory: 89kB
                                      Buffers: shared hit=3851708 read=11130, temp read=8413 written=790
                                      ->  Nested Loop  (cost=29.38..4710.27 rows=160 width=1790) (actual time=74.178..1370.040 rows=40 loops=1)
                                            Buffers: shared hit=3851702 read=11130, temp read=8413 written=790
                                            ->  Nested Loop Left Join  (cost=16.92..2713.93 rows=160 width=607) (actual time=74.147..1368.779 rows=40 loops=1)
                                                  Buffers: shared hit=3851568 read=11068, temp read=8413 written=790
                                                  ->  CTE Scan on candidate_vectors c  (cost=0.00..3.20 rows=160 width=74) (actual time=74.078..1367.215 rows=40 loops=1)
                                                        Buffers: shared hit=3851375 read=11040, temp read=8413 written=790
                                                  ->  Limit  (cost=16.92..16.92 rows=1 width=556) (actual time=0.037..0.037 rows=1 loops=40)
                                                        Buffers: shared hit=193 read=28
                                                        ->  Sort  (cost=16.92..16.92 rows=1 width=556) (actual time=0.035..0.035 rows=1 loops=40)
                                                              Sort Key: sc.created_at, sc.model_key, sc.raw_hash
                                                              Sort Method: quicksort  Memory: 26kB
                                                              Buffers: shared hit=193 read=28
                                                              ->  Result  (cost=0.84..16.91 rows=1 width=556) (actual time=0.029..0.030 rows=1 loops=40)
                                                                    One-Time Filter: (c.source_kind = 'smart'::text)
                                                                    Buffers: shared hit=190 read=28
                                                                    ->  Nested Loop Semi Join  (cost=0.84..16.91 rows=1 width=556) (actual time=0.037..0.037 rows=1 loops=31)
                                                                          Buffers: shared hit=190 read=28
                                                                          ->  Index Scan using smart_content_text_hash_idx on smart_content sc  (cost=0.42..8.44 rows=1 width=556) (actual time=0.003..0.003 rows=1 loops=31)
                                                                                Index Cond: (text_hash = c.source_hash)
                                                                                Buffers: shared hit=124
                                                                          ->  Index Only Scan using elements_raw_hash_idx on elements choice  (cost=0.42..8.46 rows=2 width=65) (actual time=0.031..0.031 rows=1 loops=31)
                                                                                Index Cond: (raw_hash = sc.raw_hash)
                                                                                Heap Fetches: 0
                                                                                Buffers: shared hit=66 read=28
                                            ->  Limit  (cost=12.46..12.47 rows=1 width=1248) (actual time=0.030..0.030 rows=1 loops=40)
                                                  Buffers: shared hit=134 read=62
                                                  ->  Sort  (cost=12.46..12.47 rows=2 width=1248) (actual time=0.029..0.029 rows=1 loops=40)
                                                        Sort Key: el.id
                                                        Sort Method: quicksort  Memory: 29kB
                                                        Buffers: shared hit=134 read=62
                                                        ->  Index Scan using elements_raw_hash_idx on elements el  (cost=0.42..12.45 rows=2 width=1248) (actual time=0.010..0.026 rows=2 loops=40)
                                                              Index Cond: (raw_hash = COALESCE(sc.raw_hash, c.source_hash))
                                                              Buffers: shared hit=134 read=62
                          ->  Aggregate  (cost=3.60..3.61 rows=1 width=8) (actual time=0.003..0.003 rows=1 loops=35)
                                ->  CTE Scan on candidate_vectors  (cost=0.00..3.20 rows=160 width=0) (actual time=0.000..0.001 rows=40 loops=35)
                    ->  Limit  (cost=17.36..21.56 rows=1 width=159) (actual time=0.101..0.101 rows=1 loops=35)
                          Buffers: shared hit=1382 read=219
                          ->  Incremental Sort  (cost=17.36..71.95 rows=13 width=159) (actual time=0.101..0.101 rows=1 loops=35)
                                Sort Key: r.identity, w.root_path, f.path
                                Presorted Key: r.identity
                                Full-sort Groups: 35  Sort Methods: top-N heapsort, quicksort  Average Memory: 25kB  Peak Memory: 25kB
                                Buffers: shared hit=1382 read=219
                                ->  Nested Loop  (cost=8.32..71.58 rows=13 width=159) (actual time=0.088..0.096 rows=38 loops=35)
                                      Join Filter: (w.repo_id = r.id)
                                      Rows Removed by Join Filter: 266
                                      Buffers: shared hit=1382 read=219
                                      ->  Index Scan using repos_identity_key on repos r  (cost=0.13..12.24 rows=7 width=46) (actual time=0.001..0.001 rows=8 loops=35)
                                            Buffers: shared hit=70
                                      ->  Materialize  (cost=8.18..58.01 rows=13 width=129) (actual time=0.002..0.011 rows=38 loops=280)
                                            Buffers: shared hit=1312 read=219
                                            ->  Hash Join  (cost=8.18..57.94 rows=13 width=129) (actual time=0.012..0.076 rows=38 loops=35)
                                                  Hash Cond: (f.worktree_id = w.id)
                                                  Buffers: shared hit=1312 read=219
                                                  ->  Bitmap Heap Scan on worktree_files f  (cost=4.52..54.24 rows=13 width=67) (actual time=0.010..0.070 rows=38 loops=35)
                                                        Recheck Cond: (blob_sha = el.blob_sha)
                                                        Heap Blocks: exact=1424
                                                        Buffers: shared hit=1310 read=219
                                                        ->  Bitmap Index Scan on worktree_files_blob_sha_idx  (cost=0.00..4.52 rows=13 width=0) (actual time=0.005..0.005 rows=41 loops=35)
                                                              Index Cond: (blob_sha = el.blob_sha)
                                                              Buffers: shared hit=105
                                                  ->  Hash  (cost=2.74..2.74 rows=74 width=78) (actual time=0.022..0.022 rows=96 loops=1)
                                                        Buckets: 1024  Batches: 1  Memory Usage: 19kB
                                                        Buffers: shared hit=2
                                                        ->  Seq Scan on worktrees w  (cost=0.00..2.74 rows=74 width=78) (actual time=0.009..0.013 rows=96 loops=1)
                                                              Buffers: shared hit=2
              ->  Limit  (cost=13.86..13.86 rows=1 width=86) (actual time=0.015..0.015 rows=0 loops=35)
                    Buffers: shared hit=77 read=29
                    ->  Sort  (cost=13.86..13.86 rows=1 width=86) (actual time=0.014..0.014 rows=0 loops=35)
                          Sort Key: c_1.repo_identity, c_1.worktree
                          Sort Method: quicksort  Memory: 25kB
                          Buffers: shared hit=77 read=29
                          ->  Hash Join  (cost=8.45..13.85 rows=1 width=86) (actual time=0.013..0.013 rows=0 loops=35)
                                Hash Cond: (c_1.guid = t.conversation_id)
                                Buffers: shared hit=77 read=29
                                ->  Seq Scan on conversations c_1  (cost=0.00..5.01 rows=101 width=102) (actual time=0.003..0.003 rows=1 loops=1)
                                      Buffers: shared hit=1
                                ->  Hash  (cost=8.44..8.44 rows=1 width=16) (actual time=0.012..0.012 rows=0 loops=35)
                                      Buckets: 1024  Batches: 1  Memory Usage: 8kB
                                      Buffers: shared hit=76 read=29
                                      ->  Index Scan using turns_blob_sha_idx on turns t  (cost=0.42..8.44 rows=1 width=16) (actual time=0.012..0.012 rows=0 loops=35)
                                            Index Cond: (blob_sha = el.blob_sha)
                                            Buffers: shared hit=76 read=29
Planning:
  Buffers: shared hit=847 read=73
Planning Time: 3.133 ms
JIT:
  Functions: 88
  Options: Inlining true, Optimization true, Expressions true, Deforming true
  Timing: Generation 1.281 ms, Inlining 38.199 ms, Optimization 132.814 ms, Emission 109.080 ms, Total 281.374 ms
Execution Time: 1667.423 ms
